// Vitest Snapshot v1, https://vitest.dev/guide/snapshot.html

exports[`homepage latest RFCs 1`] = `
{
  "homepageLatest": [
    {
      "abstract": "",
      "authors": [],
      "formats": [],
      "group": {
        "acronym": "none",
        "name": "Individual Submissions",
        "type": "individ",
      },
      "identifiers": [
        {
          "type": "doi",
          "value": "10.17487/RFC0006",
        },
      ],
      "keywords": [],
      "number": 6,
      "obsoleted_by": [],
      "obsoletes": [],
      "pages": 1,
      "published": "1969-04-01",
      "status": {
        "name": "unknown",
        "slug": "unkn",
      },
      "stream": {
        "description": "Legacy",
        "name": "Legacy",
        "slug": "Legacy",
      },
      "subseries": [],
      "title": "Conversation with Bob Kahn",
      "updated_by": [],
      "updates": [],
    },
    {
      "abstract": "",
      "authors": [],
      "formats": [],
      "group": {
        "acronym": "none",
        "name": "Individual Submissions",
        "type": "individ",
      },
      "identifiers": [
        {
          "type": "doi",
          "value": "10.17487/RFC0004",
        },
      ],
      "keywords": [],
      "number": 4,
      "obsoleted_by": [],
      "obsoletes": [],
      "pages": 6,
      "published": "1969-03-01",
      "status": {
        "name": "unknown",
        "slug": "unkn",
      },
      "stream": {
        "description": "Legacy",
        "name": "Legacy",
        "slug": "Legacy",
      },
      "subseries": [],
      "title": "Network timetable",
      "updated_by": [],
      "updates": [],
    },
    {
      "abstract": "",
      "authors": [],
      "formats": [],
      "group": {
        "acronym": "none",
        "name": "Individual Submissions",
        "type": "individ",
      },
      "identifiers": [
        {
          "type": "doi",
          "value": "10.17487/RFC0031",
        },
      ],
      "keywords": [],
      "number": 31,
      "obsoleted_by": [],
      "obsoletes": [],
      "pages": 7,
      "published": "1968-02-01",
      "status": {
        "name": "unknown",
        "slug": "unkn",
      },
      "stream": {
        "description": "Legacy",
        "name": "Legacy",
        "slug": "Legacy",
      },
      "subseries": [],
      "title": "Binary Message Forms in Computer",
      "updated_by": [],
      "updates": [],
    },
  ],
  "timestampIso": "2025-01-14T00:00:00.000Z",
}
`;
