// Vitest Snapshot v1, https://vitest.dev/guide/snapshot.html

exports[`homepage latest RFCs 1`] = `
{
  "homepageLatest": [
    {
      "abstract": "This memo specifies the data structure representation that was devised to support Simple Public Key Infrastructure (SPKI) certificates, as detailed in RFC 2692, with the intent that it be more widely applicable.  It has been and is being used elsewhere.  There are multiple implementations in a variety of programming languages.  Uses of this representation are referred to in this document as "S-expressions".  This memo makes precise the encodings of these SPKI S-expressions: It gives a "canonical form" for them, describes two "transport" representations, and also describes an "advanced" format for display to people.",
      "authors": [
        {
          "affiliation": "MIT CSAIL",
          "country": "USA",
          "datatracker_person_path": "/person/Ronald%20L.%20Rivest",
          "email": "rivest@theory.lcs.mit.edu",
          "is_editor": false,
          "person": 19822,
          "titlepage_name": "Ronald Rivest",
        },
        {
          "affiliation": "Independent",
          "country": "US",
          "datatracker_person_path": "/person/Donald%20E.%20Eastlake%203rd",
          "email": "d3e3e3@gmail.com",
          "is_editor": false,
          "person": 102391,
          "titlepage_name": "Donald Eastlake",
        },
      ],
      "formats": [],
      "group": {
        "acronym": "art",
        "name": "Applications and Real-Time Area",
        "type": "area",
      },
      "identifiers": [
        {
          "type": "doi",
          "value": "10.17487/RFC9804",
        },
      ],
      "keywords": [],
      "number": 9804,
      "obsoleted_by": [],
      "obsoletes": [],
      "pages": 22,
      "published": "2025-06-17",
      "status": {
        "name": "informational",
        "slug": "inf",
      },
      "stream": {
        "description": "Internet Engineering Task Force (IETF)",
        "name": "IETF",
        "slug": "IETF",
      },
      "subseries": [],
      "title": "Simple Public Key Infrastructure (SPKI) S-Expressions",
      "updated_by": [],
      "updates": [],
    },
    {
      "abstract": "This document defines OSPF extensions to include information associated with the node originating a prefix along with the prefix advertisement.  These extensions do not change the core OSPF route computation functionality but provide useful information for network analysis, troubleshooting, and use cases like traffic engineering.",
      "area": {
        "acronym": "rtg",
        "name": "Routing Area",
      },
      "authors": [
        {
          "affiliation": "China Telecom",
          "country": "China",
          "datatracker_person_path": "/person/Aijun%20Wang",
          "email": "wangaj3@chinatelecom.cn",
          "is_editor": false,
          "person": 111366,
          "titlepage_name": "Aijun Wang",
        },
        {
          "affiliation": "Cisco Systems",
          "country": "USA",
          "datatracker_person_path": "/person/Acee%20Lindem",
          "email": "acee.ietf@gmail.com",
          "is_editor": false,
          "person": 10784,
          "titlepage_name": "Acee Lindem",
        },
        {
          "affiliation": "Huawei Technologies",
          "country": "China",
          "datatracker_person_path": "/person/Jie%20Dong",
          "email": "jie.dong@huawei.com",
          "is_editor": false,
          "person": 110737,
          "titlepage_name": "Jie Dong",
        },
        {
          "affiliation": "Cisco Systems",
          "country": "Slovakia",
          "datatracker_person_path": "/person/Peter%20Psenak",
          "email": "ppsenak@cisco.com",
          "is_editor": false,
          "person": 105091,
          "titlepage_name": "Peter Psenak",
        },
        {
          "affiliation": "Cisco Systems",
          "country": "India",
          "datatracker_person_path": "/person/Ketan%20Talaulikar",
          "email": "ketant.ietf@gmail.com",
          "is_editor": false,
          "person": 122823,
          "titlepage_name": "Ketan Talaulikar",
        },
      ],
      "formats": [],
      "group": {
        "acronym": "lsr",
        "name": "Link State Routing",
        "type": "wg",
      },
      "identifiers": [
        {
          "type": "doi",
          "value": "10.17487/RFC9084",
        },
      ],
      "keywords": [],
      "number": 9084,
      "obsoleted_by": [],
      "obsoletes": [],
      "pages": 9,
      "published": "2021-08-13",
      "status": {
        "name": "proposed standard",
        "slug": "ps",
      },
      "stream": {
        "description": "Internet Engineering Task Force (IETF)",
        "name": "IETF",
        "slug": "IETF",
      },
      "subseries": [],
      "title": "OSPF Prefix Originator Extensions",
      "updated_by": [],
      "updates": [],
    },
    {
      "abstract": "This document is a product of the Path Aware Networking Research Group (PANRG). At the first meeting of the PANRG, the Research Group agreed to catalog and analyze past efforts to develop and deploy Path Aware techniques, most of which were unsuccessful or at most partially successful, in order to extract insights and lessons for Path Aware networking researchers.

 This document contains that catalog and analysis.",
      "authors": [
        {
          "affiliation": "Tencent America",
          "country": "United States of America",
          "datatracker_person_path": "/person/Spencer%20Dawkins",
          "email": "spencerdawkins.ietf@gmail.com",
          "is_editor": false,
          "person": 107190,
          "titlepage_name": "Spencer Dawkins",
        },
      ],
      "formats": [],
      "group": {
        "acronym": "panrg",
        "name": "Path Aware Networking RG",
        "type": "rg",
      },
      "identifiers": [
        {
          "type": "doi",
          "value": "10.17487/RFC9049",
        },
      ],
      "keywords": [],
      "number": 9049,
      "obsoleted_by": [],
      "obsoletes": [],
      "pages": 36,
      "published": "2021-06-25",
      "status": {
        "name": "informational",
        "slug": "inf",
      },
      "stream": {
        "description": "Internet Research Task Force (IRTF)",
        "name": "IRTF",
        "slug": "IRTF",
      },
      "subseries": [],
      "title": "Path Aware Networking: Obstacles to Deployment (A Bestiary of Roads Not Taken)",
      "updated_by": [],
      "updates": [],
    },
  ],
  "timestampIso": "2025-01-14T00:00:00.000Z",
}
`;
